// Jest Snapshot v1, https://goo.gl/fbAQLP

exports[`ConditionsEditorModal snapshots renders edit mode (embedded) consistently 1`] = `
<div
  class="rounded-lg border border-zinc-800 bg-zinc-950"
>
  <div
    class="p-4 max-h-[75vh] overflow-auto"
  >
    <div
      class="space-y-4"
    >
      <div
        class="flex items-center justify-end"
      />
      <div
        class="space-y-4"
      >
        <div
          class="space-y-3"
        />
      </div>
    </div>
  </div>
</div>
`;

exports[`ConditionsEditorModal snapshots renders select mode (embedded) consistently 1`] = `
<div
  class="rounded-lg border border-zinc-800 bg-zinc-950"
>
  <div
    class="p-4 max-h-[75vh] overflow-auto"
  >
    <div
      class="space-y-4"
    >
      <p
        class="text-xs text-zinc-400"
      >
        지표 선택
      </p>
      <div
        class="grid grid-cols-2 gap-2 md:grid-cols-3"
      >
        <button
          aria-pressed="false"
          class="rounded px-3 py-2 text-left text-xs border border-zinc-700 text-zinc-200 hover:border-emerald-500/60 hover:text-emerald-200"
          type="button"
        >
          볼린저 밴드
        </button>
        <button
          aria-pressed="false"
          class="rounded px-3 py-2 text-left text-xs border border-zinc-700 text-zinc-200 hover:border-emerald-500/60 hover:text-emerald-200"
          type="button"
        >
          이동평균선
        </button>
        <button
          aria-pressed="false"
          class="rounded px-3 py-2 text-left text-xs border border-zinc-700 text-zinc-200 hover:border-emerald-500/60 hover:text-emerald-200"
          type="button"
        >
          RSI
        </button>
        <button
          aria-pressed="false"
          class="rounded px-3 py-2 text-left text-xs border border-zinc-700 text-zinc-200 hover:border-emerald-500/60 hover:text-emerald-200"
          type="button"
        >
          DMI / ADX
        </button>
        <button
          aria-pressed="false"
          class="rounded px-3 py-2 text-left text-xs border border-zinc-700 text-zinc-200 hover:border-emerald-500/60 hover:text-emerald-200"
          type="button"
        >
          MACD
        </button>
      </div>
      <div
        class="flex items-center gap-2"
      >
        <button
          class="rounded border border-emerald-500/60 px-3 py-1.5 text-xs font-semibold text-emerald-200 disabled:opacity-50"
          disabled=""
          type="button"
        >
          추가
        </button>
        <span
          class="text-[11px] text-zinc-500"
        >
          선택 후 ‘추가’를 눌러 아래 목록에 쌓입니다.
        </span>
      </div>
      <div
        class="h-px w-full bg-zinc-800/60"
      />
      <p
        class="text-xs text-zinc-400"
      >
        상태 조건
      </p>
      <div
        class="grid grid-cols-2 gap-2 md:grid-cols-4"
      >
        <button
          aria-pressed="false"
          class="rounded px-3 py-2 text-left text-xs border border-zinc-700 text-zinc-200 hover:border-sky-500/60 hover:text-sky-200"
          type="button"
        >
          현재 수익률(%)
        </button>
        <button
          aria-pressed="false"
          class="rounded px-3 py-2 text-left text-xs border border-zinc-700 text-zinc-200 hover:border-sky-500/60 hover:text-sky-200"
          type="button"
        >
          현재 마진
        </button>
        <button
          aria-pressed="false"
          class="rounded px-3 py-2 text-left text-xs border border-zinc-700 text-zinc-200 hover:border-sky-500/60 hover:text-sky-200"
          type="button"
        >
          매수 횟수
        </button>
        <button
          aria-pressed="false"
          class="rounded px-3 py-2 text-left text-xs border border-zinc-700 text-zinc-200 hover:border-sky-500/60 hover:text-sky-200"
          type="button"
        >
          진입 경과(일)
        </button>
      </div>
      <div
        class="flex items-center gap-2"
      >
        <button
          class="rounded border border-sky-500/60 px-3 py-1.5 text-xs font-semibold text-sky-200 disabled:opacity-50"
          disabled=""
          type="button"
        >
          상태 추가
        </button>
        <span
          class="text-[11px] text-zinc-500"
        >
          상태 조건은 새 그룹으로 추가됩니다.
        </span>
      </div>
    </div>
  </div>
</div>
`;
