// Jest Snapshot v1, https://goo.gl/fbAQLP

exports[`GroupListPanel snapshots renders group summary consistently 1`] = `
<div
  class="space-y-3"
>
  <div
    class="flex items-center justify-between"
  >
    <div
      class="flex items-center gap-2 text-[11px]"
    >
      <span
        class="rounded border border-zinc-700 px-2 py-0.5 text-zinc-300"
      >
        조건 그룹
      </span>
      <span
        class="rounded border border-zinc-700 px-2 py-0.5 text-zinc-400"
      >
        그룹 간 OR(고정)
      </span>
    </div>
    <button
      class="rounded border border-emerald-500/60 px-3 py-1.5 text-xs font-semibold text-emerald-200"
      type="button"
    >
      조건 그룹 추가
    </button>
  </div>
  <div
    class="space-y-3"
  >
    <div
      class="space-y-2 rounded border border-zinc-800 bg-zinc-950/60 p-3"
    >
      <div
        class="flex items-center justify-between"
      >
        <div
          class="flex items-center gap-2 text-[11px]"
        >
          <span
            class="rounded border border-zinc-700 px-2 py-0.5 text-zinc-300"
          >
            조건 그룹 
            1
          </span>
          <span
            class="rounded border border-zinc-700 px-2 py-0.5 text-zinc-400"
          >
            그룹 내 AND(고정)
          </span>
        </div>
        <div
          class="flex items-center gap-2"
        >
          <button
            class="rounded border border-zinc-700 px-2 py-0.5 text-[11px] text-zinc-300"
            type="button"
          >
            그룹 편집
          </button>
          <button
            class="rounded border border-zinc-700 px-2 py-0.5 text-[11px] text-rose-300"
            type="button"
          >
            그룹 삭제
          </button>
        </div>
      </div>
      <ul
        class="space-y-1"
      >
        <li
          class="flex items-center justify-between gap-2 rounded border border-zinc-800 bg-zinc-950/40 p-2"
        >
          <div
            class="min-w-0"
          >
            <p
              class="truncate text-[11px] text-zinc-400"
            >
              period 14 · SMA · th 50
            </p>
          </div>
          <div
            class="flex items-center gap-2"
          >
            <button
              class="rounded border border-zinc-700 px-2 py-0.5 text-[11px] text-zinc-300"
              type="button"
            >
              지표 편집
            </button>
            <button
              class="rounded border border-zinc-700 px-2 py-0.5 text-[11px] text-rose-300"
              type="button"
            >
              삭제
            </button>
          </div>
        </li>
      </ul>
    </div>
  </div>
</div>
`;
